[INFO] Scanning for projects...
[INFO] 
[INFO] -----------------< com.hutech:Lab03-NguyenTranNgocHan >-----------------
[INFO] Building Lab03-NguyenTranNgocHan 0.0.1-SNAPSHOT
[INFO]   from pom.xml
[INFO] --------------------------------[ jar ]---------------------------------
[INFO] 
[INFO] --- clean:3.3.2:clean (default-clean) @ Lab03-NguyenTranNgocHan ---
[INFO] Deleting D:\J2EE\Lab03-NguyenTranNgocHan\target
[INFO] 
[INFO] --- resources:3.3.1:resources (default-resources) @ Lab03-NguyenTranNgocHan ---
[INFO] Copying 1 resource from src\main\resources to target\classes
[INFO] Copying 12 resources from src\main\resources to target\classes
[INFO] 
[INFO] --- compiler:3.11.0:compile (default-compile) @ Lab03-NguyenTranNgocHan ---
[INFO] Changes detected - recompiling the module! :source
[INFO] Compiling 19 source files with javac [debug release 17] to target\classes
[INFO] ------------------------------------------------------------------------
[INFO] BUILD SUCCESS
[INFO] ------------------------------------------------------------------------
[INFO] Total time:  3.938 s
[INFO] Finished at: 2026-03-23T08:17:19+07:00
[INFO] ------------------------------------------------------------------------
